V2range
Outline_ir
outlinevpnir
ZibaNabz
beiten
hopev2ray
V2rayNGn
free4allVPN
PrivateVPNs
DirectVPN
v2ray_outlineir
NetAccount
oneclickvpnkeys
daorzadannet
Outline_Vpn
vpn_xw
prrofile_purple
ShadowSocks_s
azadi_az_inja_migzare
WomanLifeFreedomVPN
customv2ray
UnlimitedDev
vmessorg
v2rayNG_Matsuri
v2rayngvpn
vpn_ioss
FalconPolV2rayNG
v2rayNGNeT
ShadowProxy66
ipV2Ray
kiava
Helix_Servers
PAINB0Y
VpnProSec
VlessConfig
NIM_VPN_ir
hashmakvpn
iran_ray
INIT1984
ServerNett
Pinkpotatocloud
CloudCityy
Qv2raychannel
shopingv2ray
xrayproxy
Proxy_PJ
V2rayng_Fast
v2ray_swhil
LoRd_uL4mo
proxyymeliii
MsV2ray
free_v2rayyy
v2ray1_ng
vless_vmess
MTConfig
PNG_V2rayNG
v2rayNG_VPNN
vmess_vless_v2rayng
Cov2ray
V2RayTz
VmessProtocol
MehradLearn
SafeNet_Server
ovpn2
lrnbymaa
vpn_tehran
OutlineVpnOfficial
v2ray_vpn_ir
v2_team
ConfigsHUB
V2rayngninja
iSegaro
bright_vpn
talentvpn
proxystore11
yaney_01
rayvps
free1_vpn
Parsashonam
v2rayngvp
Hope_Net
VPNCLOP
fnet00
V2pedia
molovpn
melov2ray
polproxy
Outlinev2rayNG
iP_CF
VPNCUSTOMIZE
MoV2ray
Royalping_ir
v2rayng_vpnrog
v2rayng_config_amin
rxv2ray
Capital_NET
VpnFreeSec
lightning6
WebShecan
v2Line
vmessiran
Configforvpn01
God_CONFIG
Awlix_ir
FreakConfig
frev2ray
vpnmasi
BestV2rang
TPvpn_Official
AM_TEAMMM
Lockey_vpn
XsV2ray
shh_proxy
L_AGVPN13
iTV2RAY
V2rayNGmat
ARv2ray
V2parsin
reality_daily
IRN_VPN