ARv2ray
Awlix_V2RAY
Awlix_ir
BestV2rang
CUSTOMVPNSERVER
Capital_NET
Capoit
CloudCityy
ConfigsHUB
Cov2ray
DailyV2RY
DarkTeam_VPN
DarkVPNpro
DeamNet_Proxy
DigiV2ray
DirectVPN
EUT_VPN
EliV2ray
FOX_VPN66
FalconPolV2rayNG
FoXrayIran
FreakConfig
God_CONFIG
Good_V2rayy
GozargahVPN
Helix_Servers
Hope_Net
IBv2ray
INIT1984
IRN_VPN
L_AGVPN13
LoRd_uL4mo
Lockey_vpn
LuminousNet
MTConfig
MehradLearn
MrV2Ray
MsV2ray
NIM_VPN_ir
OpenSSTPVpn
OutlineVpnOfficial
Outline_Vpn
Outlinev2rayNG
PAINB0Y
Parsashonam
PrivateVPNs
ProxyForOpeta
Proxy_PJ
Qv2rayDONATED
ROMAX_VPN
Royalping_ir
SINABIGO
SafeNet_Server
ServerNett
ShadowProxy66
ShadowSocks_s
SvnTeam
TIKTOK_PROXY
TUICity
TVCminer
UnlimitedDev
V2FETCH
V2RayTz
V2parsin
V2pedia
V2rayCollector
V2rayCollectorDonate
V2rayNG_im
V2rayNGmat
V2rayNGn
V2rayng_Fast
V2rayngninja
V2raysFree
VPNCLOP
VPNCUSTOMIZE
VPNGate_Config
VlessConfig
VmessProtocol
VpnFreeSec
VpnProSec
VpnSkyy
VpnWLF
Watashi_VPN
WebShecan
XsV2ray
azadi_az_inja_migzare
bright_vpn
bypass_filter
channels_assets
customv2ray
eliya_chiter0
empty
flyv2ray
fnet00
forwardv2ray
free1_vpn
free4allVPN
free_v2rayyy
freeconfigv2
frev2ray
hashmakvpn
hcv2ray
https_config_injector
iP_CF
iSegaro
ipV2Ray
ipcloudflaree
irancpi_vpn
kiava
kingofilter
lightning6
liq_VPN
lrnbymaa
mahvarehnewssat
mehrosaboran
melov2ray
mftizi
nofiltering2
oneclickvpnkeys
polproxy
proxy_kafee
proxy_mtm
proxystore11
proxyymeliii
prrofile_purple
rayvps
raze_vpn
reality_daily
rxv2ray
serveriran11
servermomo
shh_proxy
shopingv2ray
sinabigo
v2Line
v2_team
v2logy
v2ray1_ng
v2rayNG_Matsuri
v2ray_outlineir
v2ray_swhil
v2ray_vpn_ir
v2rayng_config_amin
v2rayng_vpnrog
v2rayngvpn
vless_vmess
vmess_vless_pro
vmess_vless_v2rayng
vmessorg
vpn_go67
vpn_xw
vpnmasi
yaney_01
zen_cloud
V2range
Outline_ir
outlinevpnir
ZibaNabz
beiten
hopev2ray
V2rayNGn
free4allVPN
PrivateVPNs
DirectVPN
v2ray_outlineir
NetAccount
oneclickvpnkeys
daorzadannet
Outline_Vpn
vpn_xw
prrofile_purple
ShadowSocks_s
azadi_az_inja_migzare
WomanLifeFreedomVPN
customv2ray
UnlimitedDev
vmessorg
v2rayNG_Matsuri
v2rayngvpn
vpn_ioss
FalconPolV2rayNG
v2rayNGNeT
ShadowProxy66
ipV2Ray
kiava
Helix_Servers
PAINB0Y
VpnProSec
VlessConfig
NIM_VPN_ir
hashmakvpn
iran_ray
INIT1984
ServerNett
Pinkpotatocloud
CloudCityy
Qv2raychannel
shopingv2ray
xrayproxy
Proxy_PJ
V2rayng_Fast
v2ray_swhil
LoRd_uL4mo
proxyymeliii
MsV2ray
free_v2rayyy
v2ray1_ng
vless_vmess
MTConfig
PNG_V2rayNG
v2rayNG_VPNN
vmess_vless_v2rayng
Cov2ray
V2RayTz
VmessProtocol
MehradLearn
SafeNet_Server
ovpn2
lrnbymaa
vpn_tehran
OutlineVpnOfficial
v2ray_vpn_ir
v2_team
ConfigsHUB
V2rayngninja
iSegaro
bright_vpn
talentvpn
proxystore11
yaney_01
rayvps
free1_vpn
Parsashonam
v2rayngvp
Hope_Net
VPNCLOP
fnet00
V2pedia
molovpn
melov2ray
polproxy
Outlinev2rayNG
iP_CF
VPNCUSTOMIZE
MoV2ray
Royalping_ir
v2rayng_vpnrog
v2rayng_config_amin
rxv2ray
Capital_NET
VpnFreeSec
lightning6
WebShecan
v2Line
vmessiran
Configforvpn01
God_CONFIG
Awlix_ir
FreakConfig
frev2ray
vpnmasi
BestV2rang
TPvpn_Official
AM_TEAMMM
Lockey_vpn
XsV2ray
shh_proxy
L_AGVPN13
iTV2RAY
V2rayNGmat
ARv2ray
V2parsin
reality_daily
IRN_VPN
daredevill_404
idigitalz
aspeedvpn
FoxNim
marambashi
